
 [1m[35m ONE-SPEC-4-ALL [0m [2mv0.2.0[0m

 [96mDEV[0m [2mScanning for [36m.spec.ts[0m files in [90m/mnt/d/www/Freelas/PROJETOS_OPENSOURCE/MEUS/@purecore/canonical/one-tester-4-all[0m[0m

 [2mFound[0m [1m5[0m [2mtest files[0m

[90m ─ ─ ─ ─ ─ ─ ─ ─ ─ ─ ─ ─ ─ ─ ─ ─ ─ ─ ─ ─ ─ ─ ─ ─ ─ ─ ─ ─ ─ ─ ─ ─ ─ ─ ─[0m

[K [1m[32m✓[0m [90mexamples/[0m[36mimperative.spec.ts[0m [1m[32m4 passed[0m [90m(11ms)[0m
   [1m[32m✓[0m [2mValidação Estrutural da API V2 › Campos obrigatórios devem existir[0m [90m10ms[0m
   [1m[32m✓[0m [2mValidação Estrutural da API V2 › Campos obrigatórios devem existir[0m [90m9ms[0m
   [1m[32m✓[0m [2mValidação Estrutural da API V2 › Campos obrigatórios devem existir[0m [90m9ms[0m
   [1m[32m✓[0m [2mValidação Estrutural da API V2 › Campos obrigatórios devem existir[0m [90m9ms[0m

[K [1m[32m✓[0m [90mexamples/[0m[36mmath.spec.ts[0m [1m[32m4 passed[0m [90m(3ms)[0m
   [1m[32m✓[0m [2mAnálise de Funções Recursivas › Fatorial de 5 converge para 120[0m [90m10ms[0m
   [1m[32m✓[0m [2mAnálise de Funções Recursivas › Fatorial de 5 converge para 120[0m [90m5ms[0m
   [1m[32m✓[0m [2mAnálise de Funções Recursivas › Fatorial de 5 converge para 120[0m [90m7ms[0m
   [1m[32m✓[0m [2mAnálise de Funções Recursivas › Fatorial de 5 converge para 120[0m [90m3ms[0m

[K [1m[31m✖[0m [90mexamples/[0m[1m[31mnarrative.spec.ts[0m [1m[31m3 failed[0m [90m(3ms)[0m
   [1m[31m✖[0m [1m[31mJornada de Compra do Usuário › O cliente finaliza a compra com sucesso[0m [90m5ms[0m
     [1m[31m→[0m [2mcart.getTotal is not a function. (In 'cart.getTotal()', 'cart.getTotal' is undefined)[0m
   [1m[31m✖[0m [1m[31mJornada de Compra do Usuário › O sistema deve lidar com falha no pagamento[0m [90m4ms[0m
     [1m[31m→[0m [2mpaymentGateway.process is not a function. (In 'paymentGateway.process(100)', 'paymentGateway.process' is undefined)[0m
   [1m[31m✖[0m [1m[31mOnboarding de Novos Membros › Deve criar perfil padrão ao registrar[0m [90m2ms[0m
     [1m[31m→[0m [2mdatabase.save is not a function. (In 'database.save(newUser)', 'database.save' is undefined)[0m

[K [1m[31m✖[0m [90mexamples/[0m[1m[31mpolyglot-shopping-cart.spec.ts[0m [1m[31m8 failed[0m [90m(7ms)[0m
   [1m[31m✖[0m [1m[31mJornada de Compra do Usuário › Usuário adiciona primeiro produto ao carrinho[0m [90m9ms[0m
     [1m[31m→[0m [2mcart.add is not a function. (In 'cart.add({ name: "Camiseta", price: 49.9 })', 'cart.add' is undefined)[0m
   [1m[31m✖[0m [1m[31mJornada de Compra do Usuário › Usuário aplica cupom de desconto[0m [90m3ms[0m
     [1m[31m→[0m [2mcart.applyCoupon is not a function. (In 'cart.applyCoupon("DESCONTO15")', 'cart.applyCoupon' is undefined)[0m
   [1m[31m✖[0m [1m[31mJornada de Compra do Usuário › Usuário remove item e carrinho fica vazio[0m [90m6ms[0m
     [1m[31m→[0m [2mcart.remove is not a function. (In 'cart.remove("Camiseta")', 'cart.remove' is undefined)[0m
   [1m[31m✖[0m [1m[31mJornada de Compra do Usuário › Usuário não logado tenta finalizar compra[0m [90m10ms[0m
     [1m[31m→[0m [2mto(checkout.status).be is not a function. (In 'to(checkout.status).be(401)', 'to(checkout.status).be' is undefined)[0m
   [1m[31m✖[0m [1m[31mConformidade com Gateway de Pagamento v2.1 › Transação bem-sucedida retorna status 200[0m [90m8ms[0m
     [1m[31m→[0m [2mpaymentGateway.process is not a function. (In 'paymentGateway.process({
      amount: 99.9,
      currency: "BRL",
      cardToken: "tok_visa_xxxx"
    })', 'paymentGateway.process' is undefined)[0m
   [1m[31m✖[0m [1m[31mConformidade com Gateway de Pagamento v2.1 › TransactionId segue padrão RFC do contrato[0m [90m3ms[0m
     [1m[31m→[0m [2mpaymentGateway.process is not a function. (In 'paymentGateway.process({ amount: 50 })', 'paymentGateway.process' is undefined)[0m
   [1m[31m✖[0m [1m[31mConformidade com Gateway de Pagamento v2.1 › Toda transação deve ser logada para auditoria[0m [90m2ms[0m
     [1m[31m→[0m [2mpaymentGateway.process is not a function. (In 'paymentGateway.process({ amount: 100 })', 'paymentGateway.process' is undefined)[0m
   [1m[31m✖[0m [1m[31mConformidade com Gateway de Pagamento v2.1 › Gateway deve ser acionado exatamente uma vez por request[0m [90m4ms[0m
     [1m[31m→[0m [2mExpected mock called 1 times, got 0[0m
   [1m[32m✓[0m [2mConformidade com Gateway de Pagamento v2.1 › Gateway deve ser acionado exatamente uma vez por request[0m [90m3ms[0m
   [1m[32m✓[0m [2mConformidade com Gateway de Pagamento v2.1 › Gateway deve ser acionado exatamente uma vez por request[0m [90m1ms[0m
   [1m[32m✓[0m [2mConformidade com Gateway de Pagamento v2.1 › Gateway deve ser acionado exatamente uma vez por request[0m [90m3ms[0m
   [1m[32m✓[0m [2mConformidade com Gateway de Pagamento v2.1 › Gateway deve ser acionado exatamente uma vez por request[0m [90m1ms[0m
   [1m[32m✓[0m [2mConformidade com Gateway de Pagamento v2.1 › Gateway deve ser acionado exatamente uma vez por request[0m [90m1ms[0m
   [1m[32m✓[0m [2mConformidade com Gateway de Pagamento v2.1 › Gateway deve ser acionado exatamente uma vez por request[0m [90m3ms[0m

[K [1m[32m✓[0m [90mexamples/[0m[36msanity.spec.ts[0m [1m[32m3 passed[0m [90m(3ms)[0m
   [1m[32m✓[0m [2mServiço de Pagamento (Dialeto Imperativo) › status da API é 200[0m [90m5ms[0m
   [1m[32m✓[0m [2mServiço de Pagamento (Dialeto Imperativo) › status da API é 200[0m [90m2ms[0m
   [1m[32m✓[0m [2mServiço de Pagamento (Dialeto Imperativo) › status da API é 200[0m [90m8ms[0m

[90m ─ ─ ─ ─ ─ ─ ─ ─ ─ ─ ─ ─ ─ ─ ─ ─ ─ ─ ─ ─ ─ ─ ─ ─ ─ ─ ─ ─ ─ ─ ─ ─ ─ ─ ─[0m

 [1mTest Files[0m  [1m[31m2 failed[0m | [1m[32m3 passed[0m [2m(5)[0m
 [1m     Tests[0m  [1m[31m11 failed[0m | [1m[32m17 passed[0m [2m(28)[0m
 [1m  Duration[0m  27ms

 [41m[1m[37m FAIL [0m [1m[31mTests failed. Check the output above.[0m

